Write to memory stream: Passed (result=13, errno=0)
Write to buffer: Passed (result=13, errno=0)
Write-only empty file: Passed (result=13, errno=0)
Multiple writes: Passed (result=1, errno=0)
Multiple writes: Passed (result=1, errno=0)
Multiple writes: Passed (result=1, errno=0)
Multiple writes: Passed (result=1, errno=0)
Multiple writes: Passed (result=1, errno=0)
Write with size=2, nmemb=6: Passed (result=6, errno=0)
NULL pointers: Passed (both crashed as expected)
