Error in NULL pointers: FILE*: char=-2, errno=0; mulle_buffer: char=-1, errno=0
Zero-length memory: Passed (char=-1, errno=0)
Normal case: Passed (char=72, errno=0)
Normal case: Passed (char=101, errno=0)
Normal case: Passed (char=108, errno=0)
Normal case: Passed (char=108, errno=0)
Normal case: Passed (char=111, errno=0)
Normal case: Passed (char=-1, errno=0)
EOF case: Passed (char=-1, errno=0)
Read-only empty file: Passed (char=-1, errno=0)
